---
source: src/tui.rs
expression: terminal.backend()
---
"                                        "
" ┌Search─────┐         ┌Replace───────┐ "
" │line       │ < TAB > │              │ "
" └───────────┘         └──────────────┘ "
" ┌testdata/dir1/file2.txt─────────────┐ "
" │1      The first line.              │ "
" │2      The second line.             │ "
" └────────────────────────────────────┘ "
" ┌testdata/file1.txt──────────────────┐ "
" │1      This is line one.            │ "
" └────────────────────────────────────┘ "
"                                        "
